// Jest Snapshot v1, https://goo.gl/fbAQLP

exports[`should fuzzy match results if query is close 1`] = `
{
  "chapter": 6,
  "locale": "en",
  "pageId": "ApocalypseBird_Atk",
  "pageType": 0,
  "query": "Peace",
}
`;

exports[`should return autocomplete result when given query 1`] = `
[
  "The Beast",
  "The Black Silence",
  "The Black Silence's Page",
  "The Black Silence (10013)",
  "The Black Silence (170004)",
  "The Black Silence's Page (102)",
  "The Black Silence's Page (170001)",
  "The Black Silence's Page (170301)",
  "The Black Silence's Page (180003)",
  "The Fearlessness to keep on Living",
  "The Red Mist",
  "The Messenger",
  "The Red Notes",
  "The Road Home",
  "The Grand Finale",
  "The Road of Gold",
  "The Boss's Orders",
  "The Seed of Light",
  "The Weight of Sin",
  "The Seventh Bullet",
  "The Red Mist's Page",
  "The Second Movement",
  "The Red Mist (10005)",
  "The Road of the King",
  "The Red Mist (250422)",
  "The Blue Gleam of Hope",
  "The Blue Reverberation",
  "The Road of Gold (902505)",
  "The Vermilion Cross' Page",
  "The Road of Gold (9905305)",
  "The Road of Gold (9905535)",
  "The Road of Gold (9905635)",
  "The Road of Gold (passive)",
  "The Blue Glimmer of Despair",
  "The Weight of Sin (passive)",
  "The Red Mist's Page (150022)",
  "The Red Mist's Page (180004)",
  "The Red Mist's Page (250022)",
  "The Road of the King (902515)",
  "The Road of the King (9905315)",
  "The Road of the King (passive)",
  "The Weight of Sin (abnormality page)",
  "There's No Time for Staggering Struts!",
]
`;

exports[`should return autocomplete result when given query 2`] = `
[
  "Jin Ni",
]
`;

exports[`should return decorated abno page result when given page id and locale 1`] = `
{
  "chapter": 6,
  "description": "[Single Ally]
When there is no 'Intruder' present, the first enemy the selected librarian attacks is marked as an 'Intruder'.(Excludes Mass Attacks)
All of the Intruder's attacks deal 2-4 less physical and Stagger damage; also, the Intruder takes 1-2 bonus damage from attacks.",
  "emoLevel": 3,
  "emotionRate": 1,
  "emotionSign": 1,
  "flavorText": "The bird began to prowl the forest, looking for the beast. But there was nothing. There were no creatures, no sun and moon, and no beast. All that was left was just a bird and the Black Forest.",
  "floor": "Binah",
  "imagePath": "/ApocalypseBird_Atk.png",
  "locale": "en",
  "name": "Peace",
  "nameId": "ApocalypseBird_Atk",
  "scriptId": "bossbird6",
  "targetType": "SelectOne",
}
`;

exports[`should return decorated combat page result when given page id and locale 1`] = `
{
  "chapter": 0,
  "cost": 0,
  "description": "[On Use] If target has 5+ Sin, kill them instantly",
  "dice": [
    {
      "max": 6,
      "min": 4,
      "scriptId": "longbird_hit",
      "type": "Atk, Hit",
    },
  ],
  "diceDescriptions": [
    "[On Hit] All other characters take damage equal to 20% of their Max HP",
  ],
  "ego": 0,
  "egoFloor": "None",
  "id": "980311",
  "imagePath": "/LongBird_Judgement.png",
  "locale": "en",
  "name": "Judgement",
  "range": "Near",
  "rarity": "Unique",
  "scriptId": "longbird_simpan",
}
`;

exports[`should return decorated key page result when given page id and locale 1`] = `
{
  "baseLight": 3,
  "chapter": 5,
  "defaultPassiveIds": [
    "10001",
    "240002",
    "230024",
    "243003",
    "231001",
    "220003",
  ],
  "exclusiveCardsIds": [
    "512003",
  ],
  "hp": 78,
  "hpResistances": {
    "Atk, Hit": 1,
    "Atk, Penetrate": 0.5,
    "Atk, Slash": 1,
  },
  "id": "243003",
  "locale": "en",
  "maxBaseSpeed": 6,
  "minBaseSpeed": 2,
  "name": "Bamboo-hatted Kim’s Page",
  "passiveNames": [
    "Speed",
    "Singular Strike",
    "Unrelenting",
    "Swordplay of the Homeland",
    "Razor Strike",
    "Minimum Offense",
  ],
  "rarity": "Unique",
  "stagger": 40,
  "staggerResistances": {
    "Atk, Hit": 1,
    "Atk, Penetrate": 1,
    "Atk, Slash": 1,
  },
  "textId": "243003",
}
`;

exports[`should return decorated passive result when given page id and locale 1`] = `
{
  "canGivePassive": false,
  "cost": 6,
  "description": "At the start of the Scene, draw until 4 pages are in hand.",
  "id": "10011",
  "locale": "en",
  "name": "Incomplete Arbiter",
  "rarity": "Unique",
}
`;

exports[`should return disambiguation page result when given page id 1`] = `
{
  "id": "",
  "locale": "en",
  "lookupResults": [
    {
      "chapter": 6,
      "locale": "en",
      "pageId": "Bigbird_Save",
      "pageType": 0,
      "query": "Salvation (abnormality page)",
    },
    {
      "chapter": 0,
      "locale": "en",
      "pageId": "902702",
      "pageType": 1,
      "query": "Salvation (902702)",
    },
    {
      "chapter": 0,
      "locale": "en",
      "pageId": "9908111",
      "pageType": 1,
      "query": "Salvation (9908111)",
    },
  ],
  "query": "Salvation",
}
`;

exports[`should return lookup result even if preferred locale is not available 1`] = `
{
  "chapter": 6,
  "locale": "en",
  "pageId": "ApocalypseBird_Atk",
  "pageType": 0,
  "query": "Peace",
}
`;

exports[`should return lookup result when given page name and locale 1`] = `
{
  "chapter": 6,
  "locale": "en",
  "pageId": "ApocalypseBird_Atk",
  "pageType": 0,
  "query": "Peace",
}
`;

exports[`should return lookup result when given page name and locale 2`] = `
{
  "chapter": 6,
  "locale": "kr",
  "pageId": "NothingThere_Goodbye",
  "pageType": 0,
  "query": "Good Bye",
}
`;
