// Jest Snapshot v1, https://goo.gl/fbAQLP

exports[`should return autocomplete result when given query 1`] = `
[
  "The Beast",
  "The Finale",
  "The Fairies' Care",
  "The Weight of Sin",
  "The Seventh Bullet",
  "The Thirteenth Toll",
  "The Role of the Wolf",
]
`;

exports[`should return decorated abno page result when given page id and locale 1`] = `
{
  "chapter": 6,
  "description": "[Single Ally]
Whenever a die this librarian plays rolls the minimum value, take 2-7 damage and gain 1-2 Strength and Endurance next Scene.",
  "emoLevel": 1,
  "emotionRate": 0,
  "emotionSign": -1,
  "flavorText": "Its scale would never neglect the weight of even the smallest sin.",
  "floor": "Binah",
  "imagePath": "/LongBird_Sin.png",
  "locale": "en",
  "name": "The Weight of Sin",
  "nameId": "LongBird_Sin",
  "scriptId": "longbird1",
  "targetType": "SelectOne",
}
`;

exports[`should return lookup result when given page name and locale 1`] = `
{
  "chapter": 6,
  "locale": "en",
  "pageId": "LongBird_Sin",
  "pageType": 0,
  "query": "The Weight of Sin",
}
`;
