// Jest Snapshot v1, https://goo.gl/fbAQLP

exports[`should fuzzy match results if query is close 1`] = `
{
  "chapter": 6,
  "locale": "en",
  "pageId": "LongBird_Sin",
  "pageType": 0,
  "query": "The Weight of Sin",
}
`;

exports[`should return autocomplete result when given query 1`] = `
[
  "The Beast",
  "The Quiet",
  "The Udjat",
  "The Finale",
  "The Forgotten",
  "The Knowing I",
  "The Red Notes",
  "The Road Home",
  "The Road of Gold",
  "The Fairies' Care",
  "The Weight of Sin",
  "The First Movement",
  "The Quiet (902201)",
  "The Seventh Bullet",
  "The Third Movement",
  "The Fourth Movement",
  "The Homing Instinct",
  "The Quiet (9902401)",
  "The Second Movement",
  "The Thirteenth Toll",
  "The Road of the King",
  "The Role of the Wolf",
  "The Will of the City",
  "The Art of Rapid Steps",
  "The Courage to Protect",
  "The Dim Sound of Singing",
  "The Road of Gold (902505)",
  "The Road of Gold (9905305)",
  "The Road of Gold (9905535)",
  "The Road of Gold (9905635)",
  "The Will of the Lord be Done",
  "The Road of the King (902515)",
  "The Will to Stand up Straight",
  "The Hope to be a Better Person",
  "The Road of the King (9905315)",
  "The Sword Sharpened with Tears",
  "The Fearlessness to keep on Living",
  "The Will of the Lord be Done (920602)",
  "The Rationality to Maintain Discretion",
  "The Will of the Lord be Done (9909152)",
  "The Eye Facing the Fear; Breaking the Cycle",
  "The Expectation for the Meaning of Existence",
  "The Eye Embracing the Past; Building the Future",
  "Whet",
  "Shell",
  "Thirst",
  "Thorns",
  "Thrust",
  "Thin Line",
  "Thick Line",
  "Third Kiss",
  "Thin Strings",
  "Thin Webbing",
  "That's Not It!",
  "Thirst (960414)",
  "This Isn't You!",
  "Wheels Industry",
  "Thirst (9906414)",
  "Thou art His Son",
  "Thy Will be Done",
  "Trembling Motion",
  "Thou art the King",
  "Third Kiss (902905)",
  "Third Kiss (9910405)",
  "Thorns (combat page)",
  "Thought Gear: Advent",
  "Thought Gear: Preach",
  "Thin Webbing (901303)",
  "Thought Gear: Combust",
  "Thin Webbing (9903311)",
  "Thought Gear: Foretell",
  "Thy Words Come unto Me",
  "Thought Gear: Brainwash",
  "Thought Gear: Propagate",
  "Thought Gear: Accelerate",
  "Wheels Industry (702002)",
  "Wheels Industry (705216)",
  "Thorns (abnormality page)",
  "Thou art His Son (920301)",
  "Thou wilt Light My Candle",
  "Thy Will be Done (920402)",
  "Trembling Motion (901401)",
  "That We should be with Him",
  "Thou art His Son (9909121)",
  "Thou art the King (920302)",
  "Thought Gear: Indoctrinate",
  "Thy Will be Done (9909132)",
  "Trembling Motion (9902305)",
  "Thou art the King (9909122)",
  "Thought Gear: Oxide Overflow",
  "Thy Words Come unto Me (920502)",
  "Thy Words Come unto Me (9909142)",
  "Thou wilt Light My Candle (920501)",
  "Thou wilt Light My Candle (9909141)",
  "Those who are Faithful and Trustworthy",
  "Axe",
  "Rue",
  "Duel",
  "Leer",
  "Lies",
  "Prey",
  "Time",
  "Trio",
  "Avert",
  "Break",
  "Chain",
  "Clean",
  "Creak",
  "Eject",
  "Greed",
  "Preen",
  "Shove",
  "Spear",
  "Talon",
  "Track",
  "Trail",
  "Charge",
  "Chorus",
  "Cleave",
  "Frenzy",
  "Ghghgh",
  "Heaven",
  "heLLo?",
  "heLLo？",
  "Hello?",
  "Rhythm",
  "Terror",
  "Timber",
  "Chī Wěn",
  "Emerald",
  "Execute",
  "Shyness",
  "Tāo Tiè",
  "Whiffle",
  "Blessing",
  "Clean Up",
  "E-endure",
  "Gleaning",
  "Headshot",
  "Help Me!",
  "Laetitia",
  "Pleasure",
  "Preludio",
  "Teach Us",
  "Teardrop",
  "Tenacity",
  "Test Run",
  "Twilight",
  "Alertness",
  "Clean Mk2",
  "Crescendo",
  "Deep Drag",
  "Heartbeat",
  "Heavy Ram",
  "Hex: Call",
  "Hex: Seal",
  "Overpower",
  "Overspeed",
  "Overthrow",
  "Predation",
  "Rhino Ram",
  "Sharp Ram",
  "Shockwave",
  "Tailoring",
  "Tentacles",
  "Charge Mk2",
  "Field Mods",
  "Fleet Edge",
  "Green Stem",
  "I Hate CQC",
  "Needlework",
  "Overcharge",
  "Spew Smoke",
  "Tail Swipe",
  "Tail Whisk",
  "Taste Test",
  "Tiěshānkào",
  "Torn Mouth",
  "Energy Beam",
  "Eye Contact",
  "Fiery Waltz",
  "Great Swing",
  "Green Stems",
  "Green Waste",
  "Heavy Peaks",
  "Heavy Trace",
  "Preparation",
  "Prescript-Ⅰ",
  "Prescript-Ⅱ",
  "Prescript-Ⅲ",
  "Prescript-Ⅳ",
  "Shady Graze",
  "Sharp Nails",
  "Sharp Swipe",
  "Shock Round",
  "Tranquility",
  "Transpierce",
  "Trial Smack",
  "Break an Egg",
  "Energy Cycle",
  "Eternal Rest",
  "Feelin' Good",
  "Flesh Fillet",
  "Head-to-Head",
  "Shadow Image",
  "Shaking Blow",
  "Shoving Stab",
  "Tackle Mount",
  "Tilted Scale",
  "Transmogrify",
  "Whip of Love",
  "Atelier Logic",
  "Chained Wrath",
  "Cleave Across",
  "Energy Shield",
  "Energy Strike",
  "Fierce Charge",
  "Fierce Spirit",
  "Gh..Gigi..Gig",
  "Gleaming Eyes",
  "Heart of Lead",
  "Heated Weapon",
  "Hex: Exchange",
  "Ice Splinters",
  "Keep It Fresh",
  "Prepared Mind",
  "Shaded Strike",
  "Shocking Blow",
  "Shuffle Hands",
  "Speared Sweep",
  "Take the Shot",
  "Tendon Chords",
  "Till the Soil",
  "Clean (900602)",
  "Creak (502006)",
  "Creak (703711)",
  "Electric Shock",
  "Elegant Supper",
  "Help Me, Jack!",
  "Here, Catch~!♣",
  "Here's a Gift~",
  "Leer of Fright",
  "Queen's Decree",
  "Shaded Assault",
  "Steel Knuckles",
  "T.ak..e..I.t..",
  "Target Spotted",
  "Trace of Fumes",
  "Trails of Blue",
  "Transformation",
  "Trash Disposal",
  "Yield My Flesh",
  "Charge (900601)",
  "Clean (9902206)",
  "Fleet Footsteps",
  "Heavy Pommelin'",
  "Leer of Anxiety",
  "Piercing Shriek",
  "Piercing Stance",
  "Rueful Eventide",
  "Sharp Pommelin'",
  "Sharpened Blade",
  "Shrine to Music",
  "Specious Attack",
  "Torn Off Wisdom",
  "Tugging Strings",
  "Turbulent Beats",
  "Unending Thirst",
  "Charge (9902205)",
  "Charge and Cover",
  "Fierce Onslaught",
  "Here's My Chance",
  "Leer of Reproach",
  "Opening Ceremony",
  "Please Be Gentle",
  "Shyness (900702)",
  "Tāo Tiè (610009)",
  "Tāo Tiè (610022)",
  "Timid Endearment",
  "Tiny Performance",
  "Torrent of Hours",
  "Energy Conversion",
  "Help Me! (902107)",
  "Here Kitty Kitty!",
  "Inevitable Bullet",
  "Inevitable Demise",
  "Pleasure (901204)",
  "Pleasure (910023)",
  "Preemptive Strike",
  "Preludio (604022)",
  "Preludio (703001)",
  "Presto Passionato",
  "Shyness (9910001)",
  "Tempestuous Danza",
  "Terrified Flutter",
  "Whispering Desire",
  "Alertness (970334)",
  "Crescendo (705011)",
  "Crescendo (707011)",
  "Eternally Lit Lamp",
  "Everlasting Melody",
  "Fiery Dragon Slash",
  "Help Me! (9907221)",
  "Identify Weakpoint",
  "Overspeed (703603)",
  "Overspeed (704016)",
  "Overspeed (707603)",
  "Pleasure (9904305)",
  "Predation (901103)",
  "Shockwave (703812)",
  "Shockwave (706014)",
  "Shockwave (706203)",
  "To Overcome Crisis",
  "Today's Expression",
  "Tri-serum Cocktail",
  "Alertness (9907324)",
  "An Eternal Farewell",
  "Heart-tearing Sword",
  "Overwhelming Luster",
  "Predation (9901303)",
  "Taste Test (703318)",
  "Taste Test (705031)",
  "Token of Friendship",
  "Chorus at the Climax",
  "Heart-breaking Sword",
  "Heart-piercing Sword",
  "To Claim Their Bones",
  "Tranquility (902211)",
  "Trim the Ingredients",
  "Emerald (combat page)",
  "Great Split: Vertical",
  "Shadow Image (703921)",
  "Shadow Image (703925)",
  "Shadow Image (703926)",
  "Shaking Blow (901402)",
  "Sweep the Backstreets",
  "Tackle Mount (705018)",
  "Tackle Mount (707305)",
  "Taste My Flaming Bat!",
  "Tranquility (9902411)",
  "Atelier Logic (702008)",
  "Atelier Logic (705215)",
  "Chained Wrath (900501)",
  "Fierce Charge (408009)",
  "Fierce Charge (508011)",
  "Great Serpent's Impact",
  "Ice Splinters (902901)",
  "Prepared Mind (202002)",
  "Prepared Mind (202012)",
  "Shaded Strike (703924)",
  "Shaded Strike (705032)",
  "Shaded Strike (707921)",
  "Shaking Blow (9902306)",
  "Till the Soil (901903)",
  "Time for a Little Test",
  "True Trigram Formation",
  "Chained Wrath (9902101)",
  "Elegant Supper (960412)",
  "Ever-spinning Gearwheel",
  "Great Split: Horizontal",
  "Greater Split: Vertical",
  "Here, Catch~!♣ (703504)",
  "Here, Catch~!♣ (707505)",
  "Here's a Gift~ (902411)",
  "Ice Splinters (9910401)",
  "Shriek of Broken Dreams",
  "T.ak..e..I.t.. (902422)",
  "Till the Soil (9907121)",
  "Trails of Blue (604021)",
  "Trails of Blue (703012)",
  "Trails of Blue (704001)",
  "Triangle Sounds Better!",
  "Clean (abnormality page)",
  "Elegant Supper (9906412)",
  "Here's a Gift~ (9903411)",
  "Here's a Gift~ (9903415)",
  "Piercing Shriek (980322)",
  "T.ak..e..I.t.. (9903422)",
  "Unending Thirst (705014)",
  "Unending Thirst (707801)",
  "Greater Split: Horizontal",
  "Hear this Beautiful Sound",
  "Piercing Shriek (9908322)",
  "Shall We Start the Show~?",
  "Timid Endearment (900402)",
  "Emerald (abnormality page)",
  "Eternal Rest (combat page)",
  "Ever-repeating Performance",
  "Hear this Beautiful Sound!",
  "Inevitable Bullet (920005)",
  "Shyness (abnormality page)",
  "Tempestuous Danza (604025)",
  "Tempestuous Danza (704014)",
  "Terrified Flutter (980321)",
  "Tilted Scale (combat page)",
  "Time for the Head to Burst",
  "Timid Endearment (9901202)",
  "Feel Your Grief, Your Anger",
  "Hear the Sound of the Star!",
  "Inevitable Bullet (9902502)",
  "Shall We Somersault These?◆",
  "Shall We Somersault These?♦",
  "Terrified Flutter (9908321)",
  "Today's Expression (900701)",
  "Today's Expression (910016)",
  "Alertness (abnormality page)",
  "Heart-tearing Sword (901706)",
  "Overwhelming Luster (902504)",
  "Predation (abnormality page)",
  "Chorus at the Climax (703426)",
  "Chorus at the Climax (705019)",
  "Heart-breaking Sword (901707)",
  "Heart-piercing Sword (901705)",
  "Heart-tearing Sword (9905216)",
  "Heart-tearing Sword (9905522)",
  "Overwhelming Luster (9905304)",
  "Overwhelming Luster (9905634)",
  "Please Don't Vanish Like This",
  "To Where the Prescript Points",
  "Heart-breaking Sword (9905217)",
  "Heart-breaking Sword (9905523)",
  "Heart-piercing Sword (9905215)",
  "Heart-piercing Sword (9905521)",
  "Eternal Rest (abnormality page)",
  "Tilted Scale (abnormality page)",
  "Chained Wrath (abnormality page)",
  "Time for the Head to Burst (901202)",
  "Time for the Head to Burst (9904304)",
  "Ever-repeating Performance (combat page)",
  "Ever-repeating Performance (abnormality page)",
]
`;

exports[`should return decorated abno page result when given page id and locale 1`] = `
{
  "chapter": 6,
  "description": "[Single Ally]
Whenever a die this librarian plays rolls the minimum value, take 2-7 damage and gain 1-2 Strength and Endurance next Scene.",
  "emoLevel": 1,
  "emotionRate": 0,
  "emotionSign": -1,
  "flavorText": "Its scale would never neglect the weight of even the smallest sin.",
  "floor": "Binah",
  "imagePath": "/LongBird_Sin.png",
  "locale": "en",
  "name": "The Weight of Sin",
  "nameId": "LongBird_Sin",
  "scriptId": "longbird1",
  "targetType": "SelectOne",
}
`;

exports[`should return decorated combat page result when given page id and locale 1`] = `
{
  "chapter": 0,
  "cost": 0,
  "description": "[On Use] If target has 5+ Sin, kill them instantly",
  "dice": [
    {
      "max": 6,
      "min": 4,
      "scriptId": "longbird_hit",
      "type": "Atk, Hit",
    },
  ],
  "diceDescriptions": [
    "[On Hit] All other characters take damage equal to 20% of their Max HP",
  ],
  "ego": 0,
  "egoFloor": "None",
  "id": "980311",
  "imagePath": "/LongBird_Judgement.png",
  "locale": "en",
  "name": "Judgement",
  "range": "Near",
  "rarity": "Unique",
  "scriptId": "longbird_simpan",
}
`;

exports[`should return disambiguation page result when given page id 1`] = `
{
  "id": "",
  "locale": "en",
  "lookupResults": [
    {
      "chapter": 6,
      "locale": "en",
      "pageId": "Bigbird_Save",
      "pageType": 0,
      "query": "Salvation (abnormality page)",
    },
    {
      "chapter": 0,
      "locale": "en",
      "pageId": "902702",
      "pageType": 1,
      "query": "Salvation (902702)",
    },
    {
      "chapter": 0,
      "locale": "en",
      "pageId": "9908111",
      "pageType": 1,
      "query": "Salvation (9908111)",
    },
  ],
  "query": "Salvation",
}
`;

exports[`should return lookup result even if preferred locale is not available 1`] = `
{
  "chapter": 6,
  "locale": "en",
  "pageId": "LongBird_Sin",
  "pageType": 0,
  "query": "The Weight of Sin",
}
`;

exports[`should return lookup result when given page name and locale 1`] = `
{
  "chapter": 6,
  "locale": "en",
  "pageId": "LongBird_Sin",
  "pageType": 0,
  "query": "The Weight of Sin",
}
`;

exports[`should return lookup result when given page name and locale 2`] = `
{
  "chapter": 6,
  "locale": "kr",
  "pageId": "NothingThere_Goodbye",
  "pageType": 0,
  "query": "Good Bye",
}
`;
