// Jest Snapshot v1, https://goo.gl/fbAQLP

exports[`should return about me 1`] = `
{
  "embed": {
    "color": 1179679,
    "fields": [
      {
        "inline": true,
        "name": "Github repo",
        "value": "[Link](https://github.com/Ghoulean/Ruina/tree/main)",
      },
      {
        "inline": true,
        "name": "Invite BinahBot to your server:",
        "value": "[Link](https://discord.com/api/oauth2/authorize?client_id=clientId&permissions=0&scope=applications.commands%20bot)",
      },
    ],
    "title": "About BinahBot:",
  },
  "success": true,
}
`;
