// Jest Snapshot v1, https://goo.gl/fbAQLP

exports[`should built response for autocomplete 1`] = `
{
  "data": {
    "choices": [
      {
        "name": {
          "name": "Name",
          "value": "value",
        },
        "value": {
          "name": "Name",
          "value": "value",
        },
      },
      {
        "name": {
          "name": "Name",
          "value": "value",
        },
        "value": {
          "name": "Name",
          "value": "value",
        },
      },
      {
        "name": {
          "name": "Name",
          "value": "value",
        },
        "value": {
          "name": "Name",
          "value": "value",
        },
      },
    ],
  },
  "type": 8,
}
`;

exports[`should built response for commands 1`] = `
{
  "data": {
    "embeds": [
      {
        "fields": [],
      },
    ],
  },
  "type": 4,
}
`;

exports[`should built response for pings 1`] = `
{
  "type": 1,
}
`;
